=========
Question: Return ONLY a valid JSON object with keys: steps, duration_minutes. Do not include any extra keys.

[HARD CONSTRAINT] The JSON must be compacted into a SINGLE line. Do not use any newlines.
Init_answer: ```json
{"steps": 10, "duration_minutes": 30}
```
Init_tokens: 18
If_violated: True

Round 1
Prompt: Your answer does not satisfy the constraints: Markdown code fences are not allowed. Please correct it.
Answer: {"steps": 10, "duration_minutes": 30}
If_violated: False
=========
Question: Return ONLY a valid JSON object with keys: title, summary, tags. Do not include any extra keys.

[HARD CONSTRAINT] The JSON must be compacted into a SINGLE line. Do not use any newlines.
Init_answer: {"title": "Example Title", "summary": "Example Summary", "tags": ["tag1", "tag2"]}
Init_tokens: 26
If_violated: False
=========
Question: Write a facebook post about a flea market in JSON format. Do not include keywords 'flea' and 'JSON' in the response.

[HARD CONSTRAINT] The JSON must be compacted into a SINGLE line. Do not use any newlines.
Init_answer: "Get ready for a weekend of bargains and treasures! Join us at the ultimate marketplace where you can find everything from vintage collectibles to handmade crafts, and from second-hand clothing to delicious street food. When: Saturday, 10am-6pm. Where: Downtown Community Center. See you there! #marketlove #treasurehunt"
Init_tokens: 71
If_violated: True

Round 1
Prompt: Your answer does not satisfy the constraints: No JSON object found (missing braces). Please correct it.
Answer: Here's the corrected Facebook post in a compacted JSON format:

{"post":"Get ready for a weekend of bargains and treasures! Join us at the ultimate marketplace where you can find everything from vintage collectibles to handmade crafts, and from second-hand clothing to delicious street food. When: Saturday, 10am-6pm. Where: Downtown Community Center. See you there! #marketlove #treasurehunt"}
If_violated: False
=========
Question: Respond in strict JSON with keys: title, summary, tags. No code fences.

[HARD CONSTRAINT] The JSON must be compacted into a SINGLE line. Do not use any newlines.
Init_answer: {"title":"AI Response","summary":"A single-line JSON response with title, summary, and tags.","tags":["JSON","compact","single line"]}
Init_tokens: 31
If_violated: False
=========
Question: Return ONLY a valid JSON object with keys: question, answer, confidence. Do not include any extra keys.

[HARD CONSTRAINT] The JSON must be compacted into a SINGLE line. Do not use any newlines.
Init_answer: ```json
{"question": "What is your name?", "answer": "John Doe", "confidence": 0.8}
```
Init_tokens: 29
If_violated: True

Round 1
Prompt: Your answer does not satisfy the constraints: Markdown code fences are not allowed. Please correct it.
Answer: {"question": "What is your name?", "answer": "John Doe", "confidence": 0.8}
If_violated: False
=========
Question: What is the history of NYC prospect park? Please wrap your entire answer in JSON format. You can use markdown ticks such as ```. For example:
```JSON
{
...
}
```

[HARD CONSTRAINT] The JSON must be compacted into a SINGLE line. Do not use any newlines.
Init_answer: ```JSON
{"name":"Prospect Park","location":"Brooklyn,NY","history":{"preparation":1865,"designer":"Frederick Law Olmsted and Calvert Vaux","construction":1865-1873,"opening":1873,"features":["Lake","Brooklyn Botanic Garden","Prospect Park Zoo","Prospect Park Bandshell","Long Meadow","Prospect Park Lake House"],"restoration":1970s-1980s,"renovation":2000s-2010s},"facts":{"acreage":585,"visitors":per_year:10million,"events":["Brooklyn Book Festival","Celebrate Brooklyn!","Prospect Park SummerStage"]},"impact":{"ecological":preservation_of_native_species,"social":community_events_and_activities,"economic":tourism_and_local_businesses}}
```
Init_tokens: 172
If_violated: True

Round 1
Prompt: Your answer does not satisfy the constraints: Invalid JSON syntax: Expecting ',' delimiter. Context: ...',"construction":1865-1873,"opening":1873'.... Please correct it.
Answer: ```JSON
{"name":"Prospect Park","location":"Brooklyn,NY","history":{"preparation":"1865","designer":"Frederick Law Olmsted and Calvert Vaux","construction":{"start":"1865","end":"1873"},"opening":"1873","features":["Lake","Brooklyn Botanic Garden","Prospect Park Zoo","Prospect Park Bandshell","Long Meadow","Prospect Park Lake House"],"restoration":"1970s-1980s","renovation":"2000s-2010s"},"facts":{"acreage":585,"visitors":"per year:10million","events":["Brooklyn Book Festival","Celebrate Brooklyn!","Prospect Park SummerStage"]},"impact":{"ecological":"preservation of native species","social":"community events and activities","economic":"tourism and local businesses"}}
```
If_violated: False
=========
Question: Return ONLY a valid JSON object with keys: steps, duration_minutes. Do not include any extra keys.

[HARD CONSTRAINT] The JSON must be compacted into a SINGLE line. Do not use any newlines.
Init_answer: ```json
{"steps": 10, "duration_minutes": 30}
```
Init_tokens: 18
If_violated: True

Round 1
Prompt: Your answer does not satisfy the constraints: Markdown code fences are not allowed. Please correct it.
Answer: {"steps": 10, "duration_minutes": 30}
If_violated: False
=========
Question: Provide a JSON object with exactly these keys: question, answer, confidence. No additional text.

[HARD CONSTRAINT] The JSON must be compacted into a SINGLE line. Do not use any newlines.
Init_answer: {"question": "What is the meaning of life?", "answer": "42", "confidence": 0.8}
Init_tokens: 26
If_violated: False
=========
Question: Output must be strictly valid JSON (no markdown). Use keys: name, age, city. No extra keys.

[HARD CONSTRAINT] The JSON must be compacted into a SINGLE line. Do not use any newlines.
Init_answer: {"name": "John", "age": 30, "city": "New York"}
Init_tokens: 20
If_violated: False
=========
Question: Provide a JSON object with exactly these keys: items, priority. No additional text.

[HARD CONSTRAINT] The JSON must be compacted into a SINGLE line. Do not use any newlines.
Init_answer: {"items": [], "priority": 0}
Init_tokens: 11
If_violated: False
=========
Question: Provide a JSON object with exactly these keys: items, priority. No additional text.

[HARD CONSTRAINT] The JSON must be compacted into a SINGLE line. Do not use any newlines.
Init_answer: {"items": [], "priority": 0}
Init_tokens: 11
If_violated: False
=========
Question: Return ONLY a valid JSON object with keys: items, priority. Do not include any extra keys.

[HARD CONSTRAINT] The JSON must be compacted into a SINGLE line. Do not use any newlines.
Init_answer: {"items": [], "priority": 0}
Init_tokens: 11
If_violated: False
=========
Question: Provide a JSON object with exactly these keys: steps, duration_minutes. No additional text.

[HARD CONSTRAINT] The JSON must be compacted into a SINGLE line. Do not use any newlines.
Init_answer: {"steps": 10, "duration_minutes": 30}
Init_tokens: 14
If_violated: False
=========
Question: Please provide the names of 5 famous moms in JSON format. Please, use any interesting or weird tone. Your entire output should just contain a JSON block, nothing else.

[HARD CONSTRAINT] The JSON must be compacted into a SINGLE line. Do not use any newlines.
Init_answer: {"name": "Oprah Winfrey", "name": "Madonna", "name": "Angelina Jolie", "name": "Maya Angelou", "name": "Jane Goodall"}
Init_tokens: 44
If_violated: False
=========
Question: List all facts about Lionel Messi in a structured output. In particular, Format your entire output in JSON.

[HARD CONSTRAINT] The JSON must be compacted into a SINGLE line. Do not use any newlines.
Init_answer: {
  "name": "Lionel Andrés Messi",
  "birth_date": "June 24, 1987",
  "birth_place": "Rosario, Argentina",
  "height": "170 cm",
  "weight": "72 kg",
  "position": "Forward",
  "youth_club": "Grandoli, Newell's Old Boys",
  "professional_club": "Barcelona (2004-2021), Paris Saint-Germain (2021-present)",
  "national_team": "Argentina",
  "caps": "175",
  "goals": "98",
  "awards": [
    "Ballon d'Or (7 times)",
    "FIFA World Player of the Year (6 times)",
    "UEFA Best Player in Europe (3 times)",
    "La Liga Best Player (10 times)",
    "Ligue 1 Player of the Year (2 times)",
    "FIFA Club World Cup Golden Ball (4 times)",
    "UEFA Champions League Golden Boot (2 times)",
    "UEFA Champions League Best Player (2 times)",
    "La Liga Best Forward (10 times)",
    "FIFA World Cup Golden Ball (1 time)",
    "FIFA World Cup Golden Boot (1 time)"
  ],
  "honors": [
    "La Liga (10 times)",
    "Copa del Rey (7 times)",
    "Supercopa de España (8 times)",
    "UEFA Champions League (4 times)",
    "UEFA Super Cup (3 times)",
    "FIFA Club World Cup (4 times)",
    "FIFA World Cup (1 time)",
    "Copa América (1 time)",
    "FIFA World Cup runner-up (1 time)"
  ],
  "personal_life": {
    "wife": "Antonela Roccuzzo",
    "children": "3",
    "residence": "Rosario, Argentina, and Barcelona, Spain"
  },
  "net_worth": "$600 million"
}
Init_tokens: 420
If_violated: True

Round 1
Prompt: Your answer does not satisfy the constraints: JSON must be on a single line (no newlines allowed). Please correct it.
Answer: {
  "name": "Lionel Andrés Messi", "birth_date": "June 24, 1987", "birth_place": "Rosario, Argentina", "height": "170 cm", "weight": "72 kg", "position": "Forward", "youth_club": "Grandoli, Newell's Old Boys", "professional_club": "Barcelona (2004-2021), Paris Saint-Germain (2021-present)", "national_team": "Argentina", "caps": "175", "goals": "98", "awards": ["Ballon d'Or (7 times)", "FIFA World Player of the Year (6 times)", "UEFA Best Player in Europe (3 times)", "La Liga Best Player (10 times)", "Ligue 1 Player of the Year (2 times)", "FIFA Club World Cup Golden Ball (4 times)", "UEFA Champions League Golden Boot (2 times)", "UEFA Champions League Best Player (2 times)", "La Liga Best Forward (10 times)", "FIFA World Cup Golden Ball (1 time)", "FIFA World Cup Golden Boot (1 time)"], "honors": ["La Liga (10 times)", "Copa del Rey (7 times)", "Supercopa de España (8 times)", "UEFA Champions League (4 times)", "UEFA Super Cup (3 times)", "FIFA Club World Cup (4 times)", "FIFA World Cup (1 time)", "Copa América (1 time)", "FIFA World Cup runner-up (1 time)"], "personal_life": {"wife": "Antonela Roccuzzo", "children": "3", "residence": "Rosario, Argentina, and Barcelona, Spain"}, "net_worth": "$600 million"}
If_violated: True

Round 2
Prompt: Your answer does not satisfy the constraints: JSON must be on a single line (no newlines allowed). Please correct it.
Answer: {"name": "Lionel Andrés Messi", "birth_date": "June 24, 1987", "birth_place": "Rosario, Argentina", "height": "170 cm", "weight": "72 kg", "position": "Forward", "youth_club": "Grandoli, Newell's Old Boys", "professional_club": "Barcelona (2004-2021), Paris Saint-Germain (2021-present)", "national_team": "Argentina", "caps": "175", "goals": "98", "awards": ["Ballon d'Or (7 times)", "FIFA World Player of the Year (6 times)", "UEFA Best Player in Europe (3 times)", "La Liga Best Player (10 times)", "Ligue 1 Player of the Year (2 times)", "FIFA Club World Cup Golden Ball (4 times)", "UEFA Champions League Golden Boot (2 times)", "UEFA Champions League Best Player (2 times)", "La Liga Best Forward (10 times)", "FIFA World Cup Golden Ball (1 time)", "FIFA World Cup Golden Boot (1 time)"], "honors": ["La Liga (10 times)", "Copa del Rey (7 times)", "Supercopa de España (8 times)", "UEFA Champions League (4 times)", "UEFA Super Cup (3 times)", "FIFA Club World Cup (4 times)", "FIFA World Cup (1 time)", "Copa América (1 time)", "FIFA World Cup runner-up (1 time)"], "personal_life": {"wife": "Antonela Roccuzzo", "children": "3", "residence": "Rosario, Argentina, and Barcelona, Spain"}, "net_worth": "$600 million"}
If_violated: False
=========
Question: Output must be strictly valid JSON (no markdown). Use keys: name, age, city. No extra keys.

[HARD CONSTRAINT] The JSON must be compacted into a SINGLE line. Do not use any newlines.
Init_answer: {"name": "John", "age": 30, "city": "New York"}
Init_tokens: 20
If_violated: False
=========
Question: Provide a JSON object with exactly these keys: question, answer, confidence. No additional text.

[HARD CONSTRAINT] The JSON must be compacted into a SINGLE line. Do not use any newlines.
Init_answer: {"question": "What is the meaning of life?", "answer": "42", "confidence": 0.8}
Init_tokens: 26
If_violated: False
=========
Question: Output must be strictly valid JSON (no markdown). Use keys: items, priority. No extra keys.

[HARD CONSTRAINT] The JSON must be compacted into a SINGLE line. Do not use any newlines.
Init_answer: {"items": ["item1", "item2", "item3"], "priority": 1}
Init_tokens: 22
If_violated: False
=========
Question: Write a riddle that describes the word "key" but doesn't use the word "key". Wrap all words into one JSON block. The word "key" should not appear in your entire reply.

[HARD CONSTRAINT] The JSON must be compacted into a SINGLE line. Do not use any newlines.
Init_answer: {"riddle":"I'm often small, yet unlock so much, 
found on a ring, or in a pocket's clutch, 
turn me, and doors swing open wide, 
my shape is simple, yet my purpose is inside."}
Init_tokens: 51
If_violated: True

Round 1
Prompt: Your answer does not satisfy the constraints: JSON must be on a single line (no newlines allowed). Please correct it.
Answer: {"riddle":"I'm often small, yet unlock so much, found on a ring, or in a pocket's clutch, turn me, and doors swing open wide, my shape is simple, yet my purpose is inside."}
If_violated: False
=========
Question: Respond in strict JSON with keys: name, age, city. No code fences.

[HARD CONSTRAINT] The JSON must be compacted into a SINGLE line. Do not use any newlines.
Init_answer: {"name":"Assistant","age":0,"city":"Unknown"}
Init_tokens: 14
If_violated: False
=========
Question: Respond in strict JSON with keys: title, summary, tags. No code fences.

[HARD CONSTRAINT] The JSON must be compacted into a SINGLE line. Do not use any newlines.
Init_answer: {"title":"AI Response","summary":"A single-line JSON response with title, summary, and tags.","tags":["JSON","compact","single line"]}
Init_tokens: 31
If_violated: False
=========
Question: What are the advantages and disadvantages of having supernatural powers? Make it short. Wrap the entire output in JSON format. You can use markdown ticks such as ```.

[HARD CONSTRAINT] The JSON must be compacted into a SINGLE line. Do not use any newlines.
Init_answer: ```json
{"advantages": ["immortality", "superhuman strength", "telekinesis", "telepathy", "precognition", "healing abilities"], "disadvantages": ["social isolation", "moral dilemmas", "responsibility burden", "vulnerability to exploitation", "psychological strain", "loss of human connection"]}
```
Init_tokens: 75
If_violated: False
=========
Question: Respond in strict JSON with keys: items, priority. No code fences.

[HARD CONSTRAINT] The JSON must be compacted into a SINGLE line. Do not use any newlines.
Init_answer: {"items":["Respond in strict JSON with keys: items, priority. No code fences.", "The JSON must be compacted into a SINGLE line. Do not use any newlines."],"priority":1}
Init_tokens: 43
If_violated: False
=========
Question: Provide a JSON object with exactly these keys: title, summary, tags. No additional text.

[HARD CONSTRAINT] The JSON must be compacted into a SINGLE line. Do not use any newlines.
Init_answer: {"title":"Example Title","summary":"Example Summary","tags":["tag1","tag2","tag3"]}
Init_tokens: 23
If_violated: False
=========
Question: Return ONLY a valid JSON object with keys: items, priority. Do not include any extra keys.

[HARD CONSTRAINT] The JSON must be compacted into a SINGLE line. Do not use any newlines.
Init_answer: {"items": [], "priority": 0}
Init_tokens: 11
If_violated: False
=========
Question: Provide a JSON object with exactly these keys: name, age, city. No additional text.

[HARD CONSTRAINT] The JSON must be compacted into a SINGLE line. Do not use any newlines.
Init_answer: {"name":"John","age":30,"city":"New York"}
Init_tokens: 15
If_violated: False
=========
Question: Respond in strict JSON with keys: steps, duration_minutes. No code fences.

[HARD CONSTRAINT] The JSON must be compacted into a SINGLE line. Do not use any newlines.
Init_answer: {"steps": "1. Define the problem, 2. Identify the constraints, 3. Develop a solution, 4. Test and refine the solution", "duration_minutes": 60}
Init_tokens: 41
If_violated: False
=========
Question: Return ONLY a valid JSON object with keys: title, summary, tags. Do not include any extra keys.

[HARD CONSTRAINT] The JSON must be compacted into a SINGLE line. Do not use any newlines.
Init_answer: {"title": "Example Title", "summary": "Example Summary", "tags": ["tag1", "tag2"]}
Init_tokens: 26
If_violated: False
=========
Question: Respond in strict JSON with keys: name, age, city. No code fences.

[HARD CONSTRAINT] The JSON must be compacted into a SINGLE line. Do not use any newlines.
Init_answer: {"name":"Assistant","age":0,"city":"Unknown"}
Init_tokens: 14
If_violated: False
=========
Question: Return ONLY a valid JSON object with keys: title, summary, tags. Do not include any extra keys.

[HARD CONSTRAINT] The JSON must be compacted into a SINGLE line. Do not use any newlines.
Init_answer: {"title": "Example Title", "summary": "Example Summary", "tags": ["tag1", "tag2"]}
Init_tokens: 26
If_violated: False
